Mtk-easy-su 2.1.1
extracted magisk-boot.sh
extracted 32/magiskinit
extracted 64/magiskinit
extracted 32/mtk-su
extracted 64/mtk-su
[0] 

[0] 11

[0] Fri Apr 28 16:13:13 -03 2023

[0] /data/user/0/juniojsv.mtk.easy.su/files:
total 18K
drwx------ 2 u0_a419 4.0K 2023-04-28 16:13 32
drwx------ 2 u0_a419 4.0K 2023-04-28 16:13 64
-rw------- 1 u0_a419  565 2023-04-28 15:33 PersistedInstallation.W0RFRkFVTFRd+MTo2OTczNzY1NDAxNDphbmRyb2lkOjIzZGMwMWQyYTRjOWQzYmY2ZjI3YWY.json
-rw------- 1 u0_a419    0 2023-04-28 15:33 generatefid.lock
-r-x--x--- 1 u0_a419 2.8K 2023-04-28 16:13 magisk-boot.sh

/data/user/0/juniojsv.mtk.easy.su/files/32:
total 222K
-r-x--x--- 1 u0_a419 373K 2023-04-28 16:13 magiskinit
-r-x--x--- 1 u0_a419  59K 2023-04-28 16:13 mtk-su

/data/user/0/juniojsv.mtk.easy.su/files/64:
total 238K
lrwxrwxrwx 1 u0_a419   18 2023-04-28 15:49 magisk -> magiskinit
-r-x--x--- 1 u0_a419 393K 2023-04-28 16:13 magiskinit
lrwxrwxrwx 1 u0_a419   18 2023-04-28 15:49 magiskpolicy -> magiskinit
-r-x--x--- 1 u0_a419  64K 2023-04-28 16:13 mtk-su

[0] processor	: 0
model name	: ARMv8 Processor rev 4 (v8l)
BogoMIPS	: 26.00
Features	: half thumb fastmult vfp edsp neon vfpv3 tls vfpv4 idiva idivt lpae evtstrm aes pmull sha1 sha2 crc32
CPU implementer	: 0x41
CPU architecture: 8
CPU variant	: 0x0
CPU part	: 0xd03
CPU revision	: 4

processor	: 1
model name	: ARMv8 Processor rev 4 (v8l)
BogoMIPS	: 26.00
Features	: half thumb fastmult vfp edsp neon vfpv3 tls vfpv4 idiva idivt lpae evtstrm aes pmull sha1 sha2 crc32
CPU implementer	: 0x41
CPU architecture: 8
CPU variant	: 0x0
CPU part	: 0xd03
CPU revision	: 4

processor	: 2
model name	: ARMv8 Processor rev 4 (v8l)
BogoMIPS	: 26.00
Features	: half thumb fastmult vfp edsp neon vfpv3 tls vfpv4 idiva idivt lpae evtstrm aes pmull sha1 sha2 crc32
CPU implementer	: 0x41
CPU architecture: 8
CPU variant	: 0x0
CPU part	: 0xd03
CPU revision	: 4

processor	: 3
model name	: ARMv8 Processor rev 4 (v8l)
BogoMIPS	: 26.00
Features	: half thumb fastmult vfp edsp neon vfpv3 tls vfpv4 idiva idivt lpae evtstrm aes pmull sha1 sha2 crc32
CPU implementer	: 0x41
CPU architecture: 8
CPU variant	: 0x0
CPU part	: 0xd03
CPU revision	: 4

processor	: 4
model name	: ARMv8 Processor rev 4 (v8l)
BogoMIPS	: 26.00
Features	: half thumb fastmult vfp edsp neon vfpv3 tls vfpv4 idiva idivt lpae evtstrm aes pmull sha1 sha2 crc32
CPU implementer	: 0x41
CPU architecture: 8
CPU variant	: 0x0
CPU part	: 0xd03
CPU revision	: 4

processor	: 5
model name	: ARMv8 Processor rev 4 (v8l)
BogoMIPS	: 26.00
Features	: half thumb fastmult vfp edsp neon vfpv3 tls vfpv4 idiva idivt lpae evtstrm aes pmull sha1 sha2 crc32
CPU implementer	: 0x41
CPU architecture: 8
CPU variant	: 0x0
CPU part	: 0xd03
CPU revision	: 4

processor	: 6
model name	: ARMv8 Processor rev 4 (v8l)
BogoMIPS	: 26.00
Features	: half thumb fastmult vfp edsp neon vfpv3 tls vfpv4 idiva idivt lpae evtstrm aes pmull sha1 sha2 crc32
CPU implementer	: 0x41
CPU architecture: 8
CPU variant	: 0x0
CPU part	: 0xd03
CPU revision	: 4

processor	: 7
model name	: ARMv8 Processor rev 4 (v8l)
BogoMIPS	: 26.00
Features	: half thumb fastmult vfp edsp neon vfpv3 tls vfpv4 idiva idivt lpae evtstrm aes pmull sha1 sha2 crc32
CPU implementer	: 0x41
CPU architecture: 8
CPU variant	: 0x0
CPU part	: 0xd03
CPU revision	: 4

Hardware	: MT6762V/WB
Hardware	: MT6762V/WB

[0] MemTotal:        1834336 kB
MemFree:           10924 kB
MemAvailable:     163832 kB
Buffers:            9044 kB
Cached:           240824 kB
SwapCached:        27908 kB
Active:           361000 kB
Inactive:         364660 kB
Active(anon):     242692 kB
Inactive(anon):   241972 kB
Active(file):     118308 kB
Inactive(file):   122688 kB
Unevictable:        2100 kB
Mlocked:            2100 kB
SwapTotal:       1572860 kB
SwapFree:         364720 kB
Dirty:              1984 kB
Writeback:           164 kB
AnonPages:        472872 kB
Mapped:           180136 kB
Shmem:              7020 kB
KReclaimable:      43884 kB
Slab:             236528 kB
SReclaimable:      43884 kB
SUnreclaim:       192644 kB
KernelStack:       54800 kB
PageTables:        66420 kB
NFS_Unstable:          0 kB
Bounce:                0 kB
WritebackTmp:          0 kB
CommitLimit:     2490028 kB
Committed_AS:   57170596 kB
VmallocTotal:   263061440 kB
VmallocUsed:       90496 kB
VmallocChunk:          0 kB
Percpu:             5952 kB
CmaTotal:          16384 kB
CmaFree:               0 kB

[0] 		total        used        free      shared     buffers
Mem:       1878360064  1868156928    10203136     7188480     9261056
-/+ buffers/cache:     1858895872    19464192
Swap:      1610608640  1237692416   372916224

[1] cat: /proc/version: Permission denied

[1] /data/user/0/juniojsv.mtk.easy.su/files/magisk-boot.sh[124]: ./mtk-su: Permission denied

deleted magisk-boot.sh
deleted 32/magiskinit
deleted 64/magiskinit
deleted 32/mtk-su
deleted 64/mtk-su
